Release 14.7 - xst P.20131013 (lin64)
Copyright (c) 1995-2013 Xilinx, Inc.  All rights reserved.
--> 
Parameter TMPDIR set to xst/projnav.tmp


Total REAL time to Xst completion: 0.00 secs
Total CPU time to Xst completion: 0.08 secs
 
--> 
Parameter xsthdpdir set to xst


Total REAL time to Xst completion: 0.00 secs
Total CPU time to Xst completion: 0.08 secs
 
--> 
Reading design: hvsync_generator.prj

TABLE OF CONTENTS
  1) Synthesis Options Summary
  2) HDL Parsing
  3) HDL Elaboration
  4) HDL Synthesis
       4.1) HDL Synthesis Report
  5) Advanced HDL Synthesis
       5.1) Advanced HDL Synthesis Report
  6) Low Level Synthesis
  7) Partition Report
  8) Design Summary
       8.1) Primitive and Black Box Usage
       8.2) Device utilization summary
       8.3) Partition Resource Summary
       8.4) Timing Report
            8.4.1) Clock Information
            8.4.2) Asynchronous Control Signals Information
            8.4.3) Timing Summary
            8.4.4) Timing Details
            8.4.5) Cross Clock Domains Report


=========================================================================
*                      Synthesis Options Summary                        *
=========================================================================
---- Source Parameters
Input File Name                    : "hvsync_generator.prj"
Ignore Synthesis Constraint File   : NO

---- Target Parameters
Output File Name                   : "hvsync_generator"
Output Format                      : NGC
Target Device                      : xc6slx45-3-csg324

---- Source Options
Top Module Name                    : hvsync_generator
Automatic FSM Extraction           : YES
FSM Encoding Algorithm             : Auto
Safe Implementation                : No
FSM Style                          : LUT
RAM Extraction                     : Yes
RAM Style                          : Auto
ROM Extraction                     : Yes
Shift Register Extraction          : YES
ROM Style                          : Auto
Resource Sharing                   : YES
Asynchronous To Synchronous        : NO
Shift Register Minimum Size        : 2
Use DSP Block                      : Auto
Automatic Register Balancing       : No

---- Target Options
LUT Combining                      : Auto
Reduce Control Sets                : Auto
Add IO Buffers                     : YES
Global Maximum Fanout              : 100000
Add Generic Clock Buffer(BUFG)     : 16
Register Duplication               : YES
Optimize Instantiated Primitives   : NO
Use Clock Enable                   : Auto
Use Synchronous Set                : Auto
Use Synchronous Reset              : Auto
Pack IO Registers into IOBs        : Auto
Equivalent register Removal        : YES

---- General Options
Optimization Goal                  : Speed
Optimization Effort                : 1
Power Reduction                    : NO
Keep Hierarchy                     : No
Netlist Hierarchy                  : As_Optimized
RTL Output                         : Yes
Global Optimization                : AllClockNets
Read Cores                         : YES
Write Timing Constraints           : NO
Cross Clock Analysis               : NO
Hierarchy Separator                : /
Bus Delimiter                      : <>
Case Specifier                     : Maintain
Slice Utilization Ratio            : 100
BRAM Utilization Ratio             : 100
DSP48 Utilization Ratio            : 100
Auto BRAM Packing                  : NO
Slice Utilization Ratio Delta      : 5

=========================================================================


=========================================================================
*                          HDL Parsing                                  *
=========================================================================
Analyzing Verilog file "/home/nancy/Desktop/hsync/hvsync_generator.v" into library work
Parsing module <hvsync_generator>.

=========================================================================
*                            HDL Elaboration                            *
=========================================================================

Elaborating module <hvsync_generator>.
WARNING:HDLCompiler:413 - "/home/nancy/Desktop/hsync/hvsync_generator.v" Line 38: Result of 11-bit expression is truncated to fit in 10-bit target.
WARNING:HDLCompiler:413 - "/home/nancy/Desktop/hsync/hvsync_generator.v" Line 47: Result of 10-bit expression is truncated to fit in 9-bit target.

=========================================================================
*                           HDL Synthesis                               *
=========================================================================

Synthesizing Unit <hvsync_generator>.
    Related source file is "/home/nancy/Desktop/hsync/hvsync_generator.v".
    Found 9-bit register for signal <CounterY>.
    Found 1-bit register for signal <vga_HS>.
    Found 1-bit register for signal <vga_VS>.
    Found 1-bit register for signal <inDisplayArea>.
    Found 10-bit register for signal <CounterX>.
    Found 10-bit adder for signal <CounterX[9]_GND_1_o_add_2_OUT> created at line 38.
    Found 9-bit adder for signal <CounterY[8]_GND_1_o_mux_7_OUT> created at line 47.
    Found 10-bit comparator greater for signal <PWR_1_o_CounterX[9]_LessThan_12_o> created at line 53
    Found 10-bit comparator greater for signal <CounterX[9]_PWR_1_o_LessThan_13_o> created at line 53
    Found 9-bit comparator greater for signal <PWR_1_o_CounterY[8]_LessThan_14_o> created at line 54
    Found 9-bit comparator greater for signal <CounterY[8]_PWR_1_o_LessThan_15_o> created at line 54
    Found 10-bit comparator greater for signal <CounterX[9]_PWR_1_o_LessThan_17_o> created at line 59
    Found 9-bit comparator greater for signal <CounterY[8]_PWR_1_o_LessThan_18_o> created at line 59
    Summary:
	inferred   2 Adder/Subtractor(s).
	inferred  22 D-type flip-flop(s).
	inferred   6 Comparator(s).
Unit <hvsync_generator> synthesized.

=========================================================================
HDL Synthesis Report

Macro Statistics
# Adders/Subtractors                                   : 2
 10-bit adder                                          : 1
 9-bit adder                                           : 1
# Registers                                            : 5
 1-bit register                                        : 3
 10-bit register                                       : 1
 9-bit register                                        : 1
# Comparators                                          : 6
 10-bit comparator greater                             : 3
 9-bit comparator greater                              : 3

=========================================================================

=========================================================================
*                       Advanced HDL Synthesis                          *
=========================================================================


Synthesizing (advanced) Unit <hvsync_generator>.
The following registers are absorbed into counter <CounterX>: 1 register on signal <CounterX>.
The following registers are absorbed into counter <CounterY>: 1 register on signal <CounterY>.
Unit <hvsync_generator> synthesized (advanced).

=========================================================================
Advanced HDL Synthesis Report

Macro Statistics
# Counters                                             : 2
 10-bit up counter                                     : 1
 9-bit up counter                                      : 1
# Registers                                            : 3
 Flip-Flops                                            : 3
# Comparators                                          : 6
 10-bit comparator greater                             : 3
 9-bit comparator greater                              : 3

=========================================================================

=========================================================================
*                         Low Level Synthesis                           *
=========================================================================

Optimizing unit <hvsync_generator> ...

Mapping all equations...
Building and optimizing final netlist ...
Found area constraint ratio of 100 (+ 5) on block hvsync_generator, actual ratio is 0.

Final Macro Processing ...

=========================================================================
Final Register Report

Macro Statistics
# Registers                                            : 22
 Flip-Flops                                            : 22

=========================================================================

=========================================================================
*                           Partition Report                            *
=========================================================================

Partition Implementation Status
-------------------------------

  No Partitions were found in this design.

-------------------------------

=========================================================================
*                            Design Summary                             *
=========================================================================

Top Level Output File Name         : hvsync_generator.ngc

Primitive and Black Box Usage:
------------------------------
# BELS                             : 91
#      GND                         : 1
#      INV                         : 5
#      LUT1                        : 17
#      LUT2                        : 11
#      LUT3                        : 8
#      LUT4                        : 3
#      LUT5                        : 3
#      LUT6                        : 6
#      MUXCY                       : 17
#      VCC                         : 1
#      XORCY                       : 19
# FlipFlops/Latches                : 22
#      FD                          : 12
#      FDE                         : 9
#      FDR                         : 1
# Clock Buffers                    : 1
#      BUFGP                       : 1
# IO Buffers                       : 22
#      OBUF                        : 22

Device utilization summary:
---------------------------

Selected Device : 6slx45csg324-3 


Slice Logic Utilization: 
 Number of Slice Registers:              22  out of  54576     0%  
 Number of Slice LUTs:                   53  out of  27288     0%  
    Number used as Logic:                53  out of  27288     0%  

Slice Logic Distribution: 
 Number of LUT Flip Flop pairs used:     53
   Number with an unused Flip Flop:      31  out of     53    58%  
   Number with an unused LUT:             0  out of     53     0%  
   Number of fully used LUT-FF pairs:    22  out of     53    41%  
   Number of unique control sets:         4

IO Utilization: 
 Number of IOs:                          23
 Number of bonded IOBs:                  23  out of    218    10%  

Specific Feature Utilization:
 Number of BUFG/BUFGCTRLs:                1  out of     16     6%  

---------------------------
Partition Resource Summary:
---------------------------

  No Partitions were found in this design.

---------------------------


=========================================================================
Timing Report

NOTE: THESE TIMING NUMBERS ARE ONLY A SYNTHESIS ESTIMATE.
      FOR ACCURATE TIMING INFORMATION PLEASE REFER TO THE TRACE REPORT
      GENERATED AFTER PLACE-and-ROUTE.

Clock Information:
------------------
-----------------------------------+------------------------+-------+
Clock Signal                       | Clock buffer(FF name)  | Load  |
-----------------------------------+------------------------+-------+
clk                                | BUFGP                  | 22    |
-----------------------------------+------------------------+-------+

Asynchronous Control Signals Information:
----------------------------------------
No asynchronous control signals found in this design

Timing Summary:
---------------
Speed Grade: -3

   Minimum period: 3.725ns (Maximum Frequency: 268.460MHz)
   Minimum input arrival time before clock: No path found
   Maximum output required time after clock: 4.382ns
   Maximum combinational path delay: No path found

Timing Details:
---------------
All values displayed in nanoseconds (ns)

=========================================================================
Timing constraint: Default period analysis for Clock 'clk'
  Clock period: 3.725ns (frequency: 268.460MHz)
  Total number of paths / destination ports: 338 / 32
-------------------------------------------------------------------------
Delay:               3.725ns (Levels of Logic = 3)
  Source:            CounterX_6 (FF)
  Destination:       CounterX_0 (FF)
  Source Clock:      clk rising
  Destination Clock: clk rising

  Data Path: CounterX_6 to CounterX_0
                                Gate     Net
    Cell:in->out      fanout   Delay   Delay  Logical Name (Net Name)
    ----------------------------------------  ------------
     FD:C->Q               6   0.447   1.089  CounterX_6 (CounterX_6)
     LUT5:I0->O            2   0.203   0.617  CounterXmaxed<9>_SW0 (N4)
     LUT6:I5->O           10   0.205   0.857  CounterXmaxed<9> (CounterXmaxed)
     LUT2:I1->O            1   0.205   0.000  CounterX_0_rstpot (CounterX_0_rstpot)
     FD:D                      0.102          CounterX_0
    ----------------------------------------
    Total                      3.725ns (1.162ns logic, 2.563ns route)
                                       (31.2% logic, 68.8% route)

=========================================================================
Timing constraint: Default OFFSET OUT AFTER for Clock 'clk'
  Total number of paths / destination ports: 22 / 22
-------------------------------------------------------------------------
Offset:              4.382ns (Levels of Logic = 2)
  Source:            vga_HS (FF)
  Destination:       vga_h_sync (PAD)
  Source Clock:      clk rising

  Data Path: vga_HS to vga_h_sync
                                Gate     Net
    Cell:in->out      fanout   Delay   Delay  Logical Name (Net Name)
    ----------------------------------------  ------------
     FD:C->Q               1   0.447   0.579  vga_HS (vga_HS)
     INV:I->O              1   0.206   0.579  vga_h_sync1_INV_0 (vga_h_sync_OBUF)
     OBUF:I->O                 2.571          vga_h_sync_OBUF (vga_h_sync)
    ----------------------------------------
    Total                      4.382ns (3.224ns logic, 1.158ns route)
                                       (73.6% logic, 26.4% route)

=========================================================================

Cross Clock Domains Report:
--------------------------

Clock to Setup on destination clock clk
---------------+---------+---------+---------+---------+
               | Src:Rise| Src:Fall| Src:Rise| Src:Fall|
Source Clock   |Dest:Rise|Dest:Rise|Dest:Fall|Dest:Fall|
---------------+---------+---------+---------+---------+
clk            |    3.725|         |         |         |
---------------+---------+---------+---------+---------+

=========================================================================


Total REAL time to Xst completion: 6.00 secs
Total CPU time to Xst completion: 4.69 secs
 
--> 


Total memory usage is 386480 kilobytes

Number of errors   :    0 (   0 filtered)
Number of warnings :    2 (   0 filtered)
Number of infos    :    0 (   0 filtered)

